
Allocating common symbols
Common symbol       size              file

argv                0x40              shell.o
kbd_buf             0x6c              keyboard.o
root_dir            0x208             dir.o
thread_ready_list   0x10              thread.o
thread_all_list     0x10              thread.o
user_pool           0x2c              memory.o
channel_cnt         0x1               ide.o
cur_part            0x4               fs.o
k_block_descs       0xa8              memory.o
idle_thread         0x4               thread.o
intr_name           0x204             interrupt.o
main_thread         0x4               thread.o
channels            0xcc0             ide.o
ticks               0x4               timer.o
kernel_vaddr        0xc               memory.o
syscall_table       0x80              syscall-init.o
idt_table           0x204             interrupt.o
file_table          0x180             file.o
partition_list      0x10              ide.o
kernel_pool         0x2c              memory.o
pid_lock            0x1c              thread.o

Discarded input sections

 .group         0x0000000000000000        0x8 main.o
 .note.GNU-stack
                0x0000000000000000        0x0 main.o
 .group         0x0000000000000000        0x8 init.o
 .text.__x86.get_pc_thunk.bx
                0x0000000000000000        0x4 init.o
 .note.GNU-stack
                0x0000000000000000        0x0 init.o
 .group         0x0000000000000000        0x8 interrupt.o
 .group         0x0000000000000000        0x8 interrupt.o
 .text.__x86.get_pc_thunk.bx
                0x0000000000000000        0x4 interrupt.o
 .note.GNU-stack
                0x0000000000000000        0x0 interrupt.o
 .group         0x0000000000000000        0x8 timer.o
 .group         0x0000000000000000        0x8 timer.o
 .group         0x0000000000000000        0x8 timer.o
 .text.__x86.get_pc_thunk.ax
                0x0000000000000000        0x4 timer.o
 .text.__x86.get_pc_thunk.bx
                0x0000000000000000        0x4 timer.o
 .note.GNU-stack
                0x0000000000000000        0x0 timer.o
 .group         0x0000000000000000        0x8 debug.o
 .text.__x86.get_pc_thunk.bx
                0x0000000000000000        0x4 debug.o
 .note.GNU-stack
                0x0000000000000000        0x0 debug.o
 .group         0x0000000000000000        0x8 memory.o
 .group         0x0000000000000000        0x8 memory.o
 .text.__x86.get_pc_thunk.ax
                0x0000000000000000        0x4 memory.o
 .text.__x86.get_pc_thunk.bx
                0x0000000000000000        0x4 memory.o
 .note.GNU-stack
                0x0000000000000000        0x0 memory.o
 .group         0x0000000000000000        0x8 bitmap.o
 .text.__x86.get_pc_thunk.ax
                0x0000000000000000        0x4 bitmap.o
 .note.GNU-stack
                0x0000000000000000        0x0 bitmap.o
 .group         0x0000000000000000        0x8 string.o
 .text.__x86.get_pc_thunk.ax
                0x0000000000000000        0x4 string.o
 .note.GNU-stack
                0x0000000000000000        0x0 string.o
 .group         0x0000000000000000        0x8 thread.o
 .group         0x0000000000000000        0x8 thread.o
 .group         0x0000000000000000        0x8 thread.o
 .text.__x86.get_pc_thunk.ax
                0x0000000000000000        0x4 thread.o
 .text.__x86.get_pc_thunk.bx
                0x0000000000000000        0x4 thread.o
 .note.GNU-stack
                0x0000000000000000        0x0 thread.o
 .group         0x0000000000000000        0x8 list.o
 .group         0x0000000000000000        0x8 list.o
 .text.__x86.get_pc_thunk.ax
                0x0000000000000000        0x4 list.o
 .text.__x86.get_pc_thunk.bx
                0x0000000000000000        0x4 list.o
 .note.GNU-stack
                0x0000000000000000        0x0 list.o
 .group         0x0000000000000000        0x8 console.o
 .group         0x0000000000000000        0x8 console.o
 .text.__x86.get_pc_thunk.ax
                0x0000000000000000        0x4 console.o
 .text.__x86.get_pc_thunk.bx
                0x0000000000000000        0x4 console.o
 .note.GNU-stack
                0x0000000000000000        0x0 console.o
 .group         0x0000000000000000        0x8 sync.o
 .group         0x0000000000000000        0x8 sync.o
 .text.__x86.get_pc_thunk.ax
                0x0000000000000000        0x4 sync.o
 .text.__x86.get_pc_thunk.bx
                0x0000000000000000        0x4 sync.o
 .note.GNU-stack
                0x0000000000000000        0x0 sync.o
 .group         0x0000000000000000        0x8 keyboard.o
 .group         0x0000000000000000        0x8 keyboard.o
 .text.__x86.get_pc_thunk.ax
                0x0000000000000000        0x4 keyboard.o
 .text.__x86.get_pc_thunk.bx
                0x0000000000000000        0x4 keyboard.o
 .note.GNU-stack
                0x0000000000000000        0x0 keyboard.o
 .group         0x0000000000000000        0x8 ioqueue.o
 .group         0x0000000000000000        0x8 ioqueue.o
 .text.__x86.get_pc_thunk.ax
                0x0000000000000000        0x4 ioqueue.o
 .text.__x86.get_pc_thunk.bx
                0x0000000000000000        0x4 ioqueue.o
 .note.GNU-stack
                0x0000000000000000        0x0 ioqueue.o
 .group         0x0000000000000000        0x8 tss.o
 .group         0x0000000000000000        0x8 tss.o
 .text.__x86.get_pc_thunk.ax
                0x0000000000000000        0x4 tss.o
 .text.__x86.get_pc_thunk.bx
                0x0000000000000000        0x4 tss.o
 .note.GNU-stack
                0x0000000000000000        0x0 tss.o
 .group         0x0000000000000000        0x8 process.o
 .group         0x0000000000000000        0x8 process.o
 .text.__x86.get_pc_thunk.ax
                0x0000000000000000        0x4 process.o
 .text.__x86.get_pc_thunk.bx
                0x0000000000000000        0x4 process.o
 .note.GNU-stack
                0x0000000000000000        0x0 process.o
 .group         0x0000000000000000        0x8 syscall.o
 .text.__x86.get_pc_thunk.ax
                0x0000000000000000        0x4 syscall.o
 .note.GNU-stack
                0x0000000000000000        0x0 syscall.o
 .group         0x0000000000000000        0x8 syscall-init.o
 .group         0x0000000000000000        0x8 syscall-init.o
 .text.__x86.get_pc_thunk.ax
                0x0000000000000000        0x4 syscall-init.o
 .text.__x86.get_pc_thunk.bx
                0x0000000000000000        0x4 syscall-init.o
 .note.GNU-stack
                0x0000000000000000        0x0 syscall-init.o
 .group         0x0000000000000000        0x8 stdio.o
 .group         0x0000000000000000        0x8 stdio.o
 .text.__x86.get_pc_thunk.ax
                0x0000000000000000        0x4 stdio.o
 .text.__x86.get_pc_thunk.bx
                0x0000000000000000        0x4 stdio.o
 .note.GNU-stack
                0x0000000000000000        0x0 stdio.o
 .group         0x0000000000000000        0x8 ide.o
 .group         0x0000000000000000        0x8 ide.o
 .text.__x86.get_pc_thunk.ax
                0x0000000000000000        0x4 ide.o
 .text.__x86.get_pc_thunk.bx
                0x0000000000000000        0x4 ide.o
 .note.GNU-stack
                0x0000000000000000        0x0 ide.o
 .group         0x0000000000000000        0x8 stdio-kernel.o
 .text.__x86.get_pc_thunk.bx
                0x0000000000000000        0x4 stdio-kernel.o
 .note.GNU-stack
                0x0000000000000000        0x0 stdio-kernel.o
 .group         0x0000000000000000        0x8 fs.o
 .group         0x0000000000000000        0x8 fs.o
 .text.__x86.get_pc_thunk.ax
                0x0000000000000000        0x4 fs.o
 .text.__x86.get_pc_thunk.bx
                0x0000000000000000        0x4 fs.o
 .note.GNU-stack
                0x0000000000000000        0x0 fs.o
 .group         0x0000000000000000        0x8 inode.o
 .group         0x0000000000000000        0x8 inode.o
 .text.__x86.get_pc_thunk.ax
                0x0000000000000000        0x4 inode.o
 .text.__x86.get_pc_thunk.bx
                0x0000000000000000        0x4 inode.o
 .note.GNU-stack
                0x0000000000000000        0x0 inode.o
 .group         0x0000000000000000        0x8 file.o
 .group         0x0000000000000000        0x8 file.o
 .group         0x0000000000000000        0x8 file.o
 .text.__x86.get_pc_thunk.ax
                0x0000000000000000        0x4 file.o
 .text.__x86.get_pc_thunk.dx
                0x0000000000000000        0x4 file.o
 .text.__x86.get_pc_thunk.bx
                0x0000000000000000        0x4 file.o
 .note.GNU-stack
                0x0000000000000000        0x0 file.o
 .group         0x0000000000000000        0x8 dir.o
 .group         0x0000000000000000        0x8 dir.o
 .text.__x86.get_pc_thunk.ax
                0x0000000000000000        0x4 dir.o
 .text.__x86.get_pc_thunk.bx
                0x0000000000000000        0x4 dir.o
 .note.GNU-stack
                0x0000000000000000        0x0 dir.o
 .group         0x0000000000000000        0x8 fork.o
 .group         0x0000000000000000        0x8 fork.o
 .text.__x86.get_pc_thunk.ax
                0x0000000000000000        0x4 fork.o
 .text.__x86.get_pc_thunk.bx
                0x0000000000000000        0x4 fork.o
 .note.GNU-stack
                0x0000000000000000        0x0 fork.o
 .group         0x0000000000000000        0x8 shell.o
 .group         0x0000000000000000        0x8 shell.o
 .text.__x86.get_pc_thunk.ax
                0x0000000000000000        0x4 shell.o
 .text.__x86.get_pc_thunk.bx
                0x0000000000000000        0x4 shell.o
 .note.GNU-stack
                0x0000000000000000        0x0 shell.o
 .group         0x0000000000000000        0x8 assert.o
 .text.__x86.get_pc_thunk.ax
                0x0000000000000000        0x4 assert.o
 .note.GNU-stack
                0x0000000000000000        0x0 assert.o
 .group         0x0000000000000000        0x8 buildin_cmd.o
 .group         0x0000000000000000        0x8 buildin_cmd.o
 .text.__x86.get_pc_thunk.ax
                0x0000000000000000        0x4 buildin_cmd.o
 .text.__x86.get_pc_thunk.bx
                0x0000000000000000        0x4 buildin_cmd.o
 .note.GNU-stack
                0x0000000000000000        0x0 buildin_cmd.o

Memory Configuration

Name             Origin             Length             Attributes
*default*        0x0000000000000000 0xffffffffffffffff

Linker script and memory map

Address of section .text set to 0xc0001500
LOAD main.o
LOAD init.o
LOAD interrupt.o
LOAD timer.o
LOAD kernel.o
LOAD print.o
LOAD debug.o
LOAD memory.o
LOAD bitmap.o
LOAD string.o
LOAD thread.o
LOAD list.o
LOAD switch.o
LOAD console.o
LOAD sync.o
LOAD keyboard.o
LOAD ioqueue.o
LOAD tss.o
LOAD process.o
LOAD syscall.o
LOAD syscall-init.o
LOAD stdio.o
LOAD ide.o
LOAD stdio-kernel.o
LOAD fs.o
LOAD inode.o
LOAD file.o
LOAD dir.o
LOAD fork.o
LOAD shell.o
LOAD assert.o
LOAD buildin_cmd.o
                [!provide]                        PROVIDE (__executable_start = SEGMENT_START ("text-segment", 0x8048000))
                0x00000000080480d4                . = (SEGMENT_START ("text-segment", 0x8048000) + SIZEOF_HEADERS)

.interp
 *(.interp)

.note.gnu.build-id
 *(.note.gnu.build-id)

.hash
 *(.hash)

.gnu.hash
 *(.gnu.hash)

.dynsym
 *(.dynsym)

.dynstr
 *(.dynstr)

.gnu.version
 *(.gnu.version)

.gnu.version_d
 *(.gnu.version_d)

.gnu.version_r
 *(.gnu.version_r)

.rel.dyn        0x00000000080480d4        0x0
 *(.rel.init)
 *(.rel.text .rel.text.* .rel.gnu.linkonce.t.*)
 .rel.text      0x00000000080480d4        0x0 main.o
 *(.rel.fini)
 *(.rel.rodata .rel.rodata.* .rel.gnu.linkonce.r.*)
 *(.rel.data.rel.ro .rel.data.rel.ro.* .rel.gnu.linkonce.d.rel.ro.*)
 *(.rel.data .rel.data.* .rel.gnu.linkonce.d.*)
 *(.rel.tdata .rel.tdata.* .rel.gnu.linkonce.td.*)
 *(.rel.tbss .rel.tbss.* .rel.gnu.linkonce.tb.*)
 *(.rel.ctors)
 *(.rel.dtors)
 *(.rel.got)
 .rel.got       0x00000000080480d4        0x0 main.o
 *(.rel.bss .rel.bss.* .rel.gnu.linkonce.b.*)
 *(.rel.ifunc)

.rel.plt        0x00000000080480d4        0x0
 *(.rel.plt)
                [!provide]                        PROVIDE (__rel_iplt_start = .)
 *(.rel.iplt)
 .rel.iplt      0x00000000080480d4        0x0 main.o
                [!provide]                        PROVIDE (__rel_iplt_end = .)
                0x0000000008049000                . = ALIGN (CONSTANT (MAXPAGESIZE))

.init
 *(SORT_NONE(.init))

.plt            0x0000000008049000        0x0
 *(.plt)
 *(.iplt)
 .iplt          0x0000000008049000        0x0 main.o

.plt.got
 *(.plt.got)

.plt.sec
 *(.plt.sec)

.text           0x00000000c0001500     0xc54c
 *(.text.unlikely .text.*_unlikely .text.unlikely.*)
 *(.text.exit .text.exit.*)
 *(.text.startup .text.startup.*)
 *(.text.hot .text.hot.*)
 *(.text .stub .text.* .gnu.linkonce.t.*)
 .text          0x00000000c0001500       0x97 main.o
                0x00000000c0001500                main
                0x00000000c000154a                init
 .text.__x86.get_pc_thunk.bx
                0x00000000c0001597        0x4 main.o
                0x00000000c0001597                __x86.get_pc_thunk.bx
 .text          0x00000000c000159b       0x61 init.o
                0x00000000c000159b                init_all
 .text          0x00000000c00015fc      0x571 interrupt.o
                0x00000000c0001a23                intr_enable
                0x00000000c0001a56                intr_disable
                0x00000000c0001a89                intr_set_status
                0x00000000c0001ab1                intr_get_status
                0x00000000c0001ad8                register_handler
                0x00000000c0001b01                idt_init
 .text.__x86.get_pc_thunk.ax
                0x00000000c0001b6d        0x4 interrupt.o
                0x00000000c0001b6d                __x86.get_pc_thunk.ax
 .text          0x00000000c0001b71      0x25b timer.o
                0x00000000c0001d02                mtime_sleep
                0x00000000c0001d64                timer_init
 .text.__x86.get_pc_thunk.cx
                0x00000000c0001dcc        0x4 timer.o
                0x00000000c0001dcc                __x86.get_pc_thunk.cx
 .text          0x00000000c0001dd0      0x55b kernel.o
                0x00000000c0001dd0                intr_exit
                0x00000000c0002307                syscall_handler
 *fill*         0x00000000c000232b        0x5 
 .text          0x00000000c0002330      0x1b1 print.o
                0x00000000c0002330                put_str
                0x00000000c000234e                put_char
                0x00000000c000241b                cls_screen
                0x00000000c000245a                put_int
                0x00000000c00024bd                set_cursor
 .text          0x00000000c00024e1       0xf4 debug.o
                0x00000000c00024e1                panic_spin
 .text          0x00000000c00025d5     0x13e3 memory.o
                0x00000000c0002708                pte_ptr
                0x00000000c0002742                pde_ptr
                0x00000000c00028f9                malloc_page
                0x00000000c00029d2                get_kernel_pages
                0x00000000c0002a46                get_user_pages
                0x00000000c0002aba                get_a_page
                0x00000000c0002c56                get_a_page_without_opvaddrbitmap
                0x00000000c0002cf1                addr_v2p
                0x00000000c0002d62                sys_malloc
                0x00000000c00030ba                pfree
                0x00000000c0003230                mfree_page
                0x00000000c000342f                sys_free
                0x00000000c00038ae                block_desc_init
                0x00000000c0003952                mem_init
 .text          0x00000000c00039b8      0x28d bitmap.o
                0x00000000c00039b8                bitmap_init
                0x00000000c00039eb                bitmap_scan_test
                0x00000000c0003a35                bitmap_scan
                0x00000000c0003b7d                bitmap_set
 .text          0x00000000c0003c45      0x4aa string.o
                0x00000000c0003c45                memset
                0x00000000c0003cae                memcpy
                0x00000000c0003d25                memcmp
                0x00000000c0003dbe                strcpy
                0x00000000c0003e29                strlen
                0x00000000c0003e86                strcmp
                0x00000000c0003f15                strchr
                0x00000000c0003f83                strrchr
                0x00000000c0003ff7                strcat
                0x00000000c0004077                strchrs
 .text          0x00000000c00040ef      0xbc8 thread.o
                0x00000000c0004110                running_thread
                0x00000000c00041ae                fork_pid
                0x00000000c00041c5                thread_create
                0x00000000c0004249                init_thread
                0x00000000c0004368                thread_start
                0x00000000c0004508                schedule
                0x00000000c0004685                thread_block
                0x00000000c00046fd                thread_unblock
                0x00000000c000481e                thread_yield
                0x00000000c0004baa                sys_ps
                0x00000000c0004c05                thread_init
 .text.__x86.get_pc_thunk.dx
                0x00000000c0004cb7        0x4 thread.o
                0x00000000c0004cb7                __x86.get_pc_thunk.dx
 .text          0x00000000c0004cbb      0x25f list.o
                0x00000000c0004cbb                list_init
                0x00000000c0004cf3                list_insert_before
                0x00000000c0004d47                list_push
                0x00000000c0004d6f                list_append
                0x00000000c0004d97                list_remove
                0x00000000c0004de0                list_pop
                0x00000000c0004e0c                elem_find
                0x00000000c0004e51                list_traversal
                0x00000000c0004eb8                list_len
                0x00000000c0004ef7                list_empty
 *fill*         0x00000000c0004f1a        0x6 
 .text          0x00000000c0004f20       0x15 switch.o
                0x00000000c0004f20                switch_to
 .text          0x00000000c0004f35      0x119 console.o
                0x00000000c0004f35                console_init
                0x00000000c0004f60                console_acquire
                0x00000000c0004f8b                console_release
                0x00000000c0004fb6                console_put_str
                0x00000000c0004fe6                console_put_char
                0x00000000c000501e                console_put_int
 .text          0x00000000c000504e      0x38f sync.o
                0x00000000c000504e                sema_init
                0x00000000c0005088                lock_init
                0x00000000c00050c2                sema_down
                0x00000000c00051de                sema_up
                0x00000000c00052a8                lock_acquire
                0x00000000c000532e                lock_release
 .text          0x00000000c00053dd      0x33e keyboard.o
                0x00000000c00056b9                keyboard_init
 .text          0x00000000c000571b      0x37e ioqueue.o
                0x00000000c000571b                ioqueue_init
                0x00000000c0005795                ioq_full
                0x00000000c00058fe                ioq_getchar
                0x00000000c00059ca                ioq_putchar
 .text          0x00000000c0005a99      0x1b2 tss.o
                0x00000000c0005a99                update_tss_esp
                0x00000000c0005b2a                tss_init
 .text          0x00000000c0005c4b      0x3dc process.o
                0x00000000c0005c4b                start_process
                0x00000000c0005d5f                page_dir_activate
                0x00000000c0005da4                process_activate
                0x00000000c0005e07                create_page_dir
                0x00000000c0005e90                create_user_vaddr_bitmap
                0x00000000c0005ee9                process_execute
 .text          0x00000000c0006027      0x37e syscall.o
                0x00000000c0006027                getpid
                0x00000000c0006046                write
                0x00000000c0006073                malloc
                0x00000000c000609c                free
                0x00000000c00060c3                fork
                0x00000000c00060e2                read
                0x00000000c000610f                putchar
                0x00000000c000613d                clear
                0x00000000c000615a                getcwd
                0x00000000c0006186                open
                0x00000000c00061b9                close
                0x00000000c00061e2                lseek
                0x00000000c0006216                unlink
                0x00000000c000623f                mkdir
                0x00000000c0006268                opendir
                0x00000000c0006291                closedir
                0x00000000c00062ba                rmdir
                0x00000000c00062e3                readdir
                0x00000000c000630c                rewinddir
                0x00000000c0006333                stat
                0x00000000c000635f                chdir
                0x00000000c0006388                ps
 .text          0x00000000c00063a5      0x1a8 syscall-init.o
                0x00000000c00063a5                sys_getpid
                0x00000000c00063c8                syscall_init
 .text          0x00000000c000654d      0x2e1 stdio.o
                0x00000000c00065de                vsprintf
                0x00000000c000676c                sprintf
                0x00000000c00067a6                printf
 .text          0x00000000c000682e      0xee7 ide.o
                0x00000000c0006bb4                ide_read
                0x00000000c0006d49                ide_write
                0x00000000c0007400                intr_hd_handler
                0x00000000c00074d8                ide_init
 .text          0x00000000c0007715       0x74 stdio-kernel.o
                0x00000000c0007715                printk
 .text          0x00000000c0007789     0x2388 fs.o
                0x00000000c0007e57                path_parse
                0x00000000c0007ebf                path_depth_cnt
                0x00000000c000820c                sys_open
                0x00000000c00084ee                sys_close
                0x00000000c000855d                sys_write
                0x00000000c0008665                sys_read
                0x00000000c0008763                sys_lseek
                0x00000000c000886c                sys_unlink
                0x00000000c0008aca                sys_mkdir
                0x00000000c0008efc                sys_opendir
                0x00000000c0009029                sys_closedir
                0x00000000c0009066                sys_readdir
                0x00000000c00090b3                sys_rewinddir
                0x00000000c00090cd                sys_rmdir
                0x00000000c00094b4                sys_getcwd
                0x00000000c00096d1                sys_chdir
                0x00000000c000976f                sys_stat
                0x00000000c00098b6                sys_putchar
                0x00000000c00098e8                filesys_init
 .text          0x00000000c0009b11      0x7bc inode.o
                0x00000000c0009bc1                inode_sync
                0x00000000c0009cfd                inode_open
                0x00000000c0009e52                inode_close
                0x00000000c0009edd                inode_delete
                0x00000000c000a00a                inode_release
                0x00000000c000a26c                inode_init
 .text          0x00000000c000a2cd     0x12d9 file.o
                0x00000000c000a2cd                get_free_slot_in_global
                0x00000000c000a33b                pcb_fd_install
                0x00000000c000a3b9                inode_bitmap_alloc
                0x00000000c000a40f                block_bitmap_alloc
                0x00000000c000a470                bitmap_sync
                0x00000000c000a509                file_create
                0x00000000c000a814                file_open
                0x00000000c000a951                file_close
                0x00000000c000a9a4                file_write
                0x00000000c000b1c6                file_read
 .text          0x00000000c000b5a6      0xf6b dir.o
                0x00000000c000b5a6                open_root_dir
                0x00000000c000b5eb                dir_open
                0x00000000c000b638                search_dir_entry
                0x00000000c000b821                dir_close
                0x00000000c000b865                create_dir_entry
                0x00000000c000b8e9                sync_dir_entry
                0x00000000c000bd55                delete_dir_entry
                0x00000000c000c1f5                dir_read
                0x00000000c000c3f9                dir_is_empty
                0x00000000c000c431                dir_remove
 .text          0x00000000c000c511      0x590 fork.o
                0x00000000c000c956                sys_fork
 .text          0x00000000c000caa1      0x580 shell.o
                0x00000000c000caa1                print_prompt
                0x00000000c000cd0d                my_shell
 .text          0x00000000c000d021       0x33 assert.o
                0x00000000c000d021                user_spin
 .text          0x00000000c000d054      0x9f8 buildin_cmd.o
                0x00000000c000d1e3                make_clear_abs_path
                0x00000000c000d2b6                buildin_pwd
                0x00000000c000d32f                buildin_cd
                0x00000000c000d3d8                buildin_ls
                0x00000000c000d7d3                buildin_ps
                0x00000000c000d80c                buildin_clear
                0x00000000c000d845                buildin_mkdir
                0x00000000c000d8f2                buildin_rmdir
                0x00000000c000d99f                buildin_rm
 *(.gnu.warning)

.fini
 *(SORT_NONE(.fini))
                [!provide]                        PROVIDE (__etext = .)
                [!provide]                        PROVIDE (_etext = .)
                [!provide]                        PROVIDE (etext = .)
                0x00000000c000e000                . = ALIGN (CONSTANT (MAXPAGESIZE))
                0x00000000c000e000                . = SEGMENT_START ("rodata-segment", (ALIGN (CONSTANT (MAXPAGESIZE)) + (. & (CONSTANT (MAXPAGESIZE) - 0x1))))

.rodata         0x00000000c000e000     0x271e
 *(.rodata .rodata.* .gnu.linkonce.r.*)
 .rodata        0x00000000c000e000       0x51 main.o
 .rodata        0x00000000c000e051        0xa init.o
 *fill*         0x00000000c000e05b        0x1 
 .rodata        0x00000000c000e05c      0x2d1 interrupt.o
 *fill*         0x00000000c000e32d        0x3 
 .rodata        0x00000000c000e330       0x88 timer.o
 .rodata        0x00000000c000e3b8       0x3f debug.o
 *fill*         0x00000000c000e3f7        0x1 
 .rodata        0x00000000c000e3f8      0x3bd memory.o
 *fill*         0x00000000c000e7b5        0x3 
 .rodata        0x00000000c000e7b8       0x6b bitmap.o
 *fill*         0x00000000c000e823        0x1 
 .rodata        0x00000000c000e824       0xc4 string.o
 .rodata        0x00000000c000e8e8      0x3a9 thread.o
 *fill*         0x00000000c000ec91        0x3 
 .rodata        0x00000000c000ec94      0x135 sync.o
 .rodata        0x00000000c000edc9       0x36 keyboard.o
 *fill*         0x00000000c000edff        0x1 
 .rodata        0x00000000c000ee00       0xa8 ioqueue.o
 .rodata        0x00000000c000eea8       0x27 tss.o
 *fill*         0x00000000c000eecf        0x1 
 .rodata        0x00000000c000eed0       0xe0 process.o
 .rodata        0x00000000c000efb0       0x27 syscall-init.o
 *fill*         0x00000000c000efd7        0x1 
 .rodata        0x00000000c000efd8      0x1f9 ide.o
 *fill*         0x00000000c000f1d1        0x3 
 .rodata        0x00000000c000f1d4      0x8a1 fs.o
 *fill*         0x00000000c000fa75        0x3 
 .rodata        0x00000000c000fa78       0xc2 inode.o
 *fill*         0x00000000c000fb3a        0x2 
 .rodata        0x00000000c000fb3c      0x41e file.o
 *fill*         0x00000000c000ff5a        0x2 
 .rodata        0x00000000c000ff5c      0x20f dir.o
 *fill*         0x00000000c001016b        0x1 
 .rodata        0x00000000c001016c      0x145 fork.o
 *fill*         0x00000000c00102b1        0x3 
 .rodata        0x00000000c00102b4      0x136 shell.o
 *fill*         0x00000000c00103ea        0x2 
 .rodata        0x00000000c00103ec       0x32 assert.o
 *fill*         0x00000000c001041e        0x2 
 .rodata        0x00000000c0010420      0x2fe buildin_cmd.o

.rodata1
 *(.rodata1)

.eh_frame_hdr
 *(.eh_frame_hdr)
 *(.eh_frame_entry .eh_frame_entry.*)

.eh_frame       0x00000000c0010720     0x218c
 *(.eh_frame)
 .eh_frame      0x00000000c0010720       0x78 main.o
 .eh_frame      0x00000000c0010798       0x24 init.o
                                         0x50 (size before relaxing)
 .eh_frame      0x00000000c00107bc      0x1ac interrupt.o
                                        0x1d8 (size before relaxing)
 .eh_frame      0x00000000c0010968       0xf0 timer.o
                                        0x130 (size before relaxing)
 .eh_frame      0x00000000c0010a58       0x1c debug.o
                                         0x48 (size before relaxing)
 .eh_frame      0x00000000c0010a74      0x300 memory.o
                                        0x340 (size before relaxing)
 .eh_frame      0x00000000c0010d74       0x90 bitmap.o
                                         0xbc (size before relaxing)
 .eh_frame      0x00000000c0010e04      0x168 string.o
                                        0x194 (size before relaxing)
 .eh_frame      0x00000000c0010f6c      0x264 thread.o
                                        0x2a4 (size before relaxing)
 .eh_frame      0x00000000c00111d0      0x148 list.o
                                        0x188 (size before relaxing)
 .eh_frame      0x00000000c0011318       0xd8 console.o
                                        0x118 (size before relaxing)
 .eh_frame      0x00000000c00113f0       0xdc sync.o
                                        0x11c (size before relaxing)
 .eh_frame      0x00000000c00114cc       0x68 keyboard.o
                                         0xa8 (size before relaxing)
 .eh_frame      0x00000000c0011534      0x11c ioqueue.o
                                        0x15c (size before relaxing)
 .eh_frame      0x00000000c0011650       0x6c tss.o
                                         0xac (size before relaxing)
 .eh_frame      0x00000000c00116bc       0xd8 process.o
                                        0x118 (size before relaxing)
 .eh_frame      0x00000000c0011794      0x308 syscall.o
                                        0x334 (size before relaxing)
 .eh_frame      0x00000000c0011a9c       0x48 syscall-init.o
                                         0x88 (size before relaxing)
 .eh_frame      0x00000000c0011ae4       0x90 stdio.o
                                         0xd0 (size before relaxing)
 .eh_frame      0x00000000c0011b74      0x27c ide.o
                                        0x2bc (size before relaxing)
 .eh_frame      0x00000000c0011df0       0x28 stdio-kernel.o
                                         0x54 (size before relaxing)
 .eh_frame      0x00000000c0011e18      0x3b0 fs.o
                                        0x3f0 (size before relaxing)
 .eh_frame      0x00000000c00121c8      0x100 inode.o
                                        0x140 (size before relaxing)
 .eh_frame      0x00000000c00122c8      0x178 file.o
                                        0x1cc (size before relaxing)
 .eh_frame      0x00000000c0012440      0x17c dir.o
                                        0x1bc (size before relaxing)
 .eh_frame      0x00000000c00125bc       0xd4 fork.o
                                        0x114 (size before relaxing)
 .eh_frame      0x00000000c0012690       0x88 shell.o
                                         0xc8 (size before relaxing)
 .eh_frame      0x00000000c0012718       0x1c assert.o
                                         0x48 (size before relaxing)
 .eh_frame      0x00000000c0012734      0x178 buildin_cmd.o
                                        0x1b8 (size before relaxing)
 *(.eh_frame.*)

.gcc_except_table
 *(.gcc_except_table .gcc_except_table.*)

.gnu_extab
 *(.gnu_extab*)

.exception_ranges
 *(.exception_ranges*)
                0x00000000c0014000                . = DATA_SEGMENT_ALIGN (CONSTANT (MAXPAGESIZE), CONSTANT (COMMONPAGESIZE))

.eh_frame
 *(.eh_frame)
 *(.eh_frame.*)

.gnu_extab
 *(.gnu_extab)

.gcc_except_table
 *(.gcc_except_table .gcc_except_table.*)

.exception_ranges
 *(.exception_ranges*)

.tdata          0x00000000c0014000        0x0
                [!provide]                        PROVIDE (__tdata_start = .)
 *(.tdata .tdata.* .gnu.linkonce.td.*)

.tbss
 *(.tbss .tbss.* .gnu.linkonce.tb.*)
 *(.tcommon)

.preinit_array  0x00000000c0014000        0x0
                [!provide]                        PROVIDE (__preinit_array_start = .)
 *(.preinit_array)
                [!provide]                        PROVIDE (__preinit_array_end = .)

.init_array     0x00000000c0014000        0x0
                [!provide]                        PROVIDE (__init_array_start = .)
 *(SORT_BY_INIT_PRIORITY(.init_array.*) SORT_BY_INIT_PRIORITY(.ctors.*))
 *(.init_array EXCLUDE_FILE(*crtend?.o *crtend.o *crtbegin?.o *crtbegin.o) .ctors)
                [!provide]                        PROVIDE (__init_array_end = .)

.fini_array     0x00000000c0014000        0x0
                [!provide]                        PROVIDE (__fini_array_start = .)
 *(SORT_BY_INIT_PRIORITY(.fini_array.*) SORT_BY_INIT_PRIORITY(.dtors.*))
 *(.fini_array EXCLUDE_FILE(*crtend?.o *crtend.o *crtbegin?.o *crtbegin.o) .dtors)
                [!provide]                        PROVIDE (__fini_array_end = .)

.ctors
 *crtbegin.o(.ctors)
 *crtbegin?.o(.ctors)
 *(EXCLUDE_FILE(*crtend?.o *crtend.o) .ctors)
 *(SORT_BY_NAME(.ctors.*))
 *(.ctors)

.dtors
 *crtbegin.o(.dtors)
 *crtbegin?.o(.dtors)
 *(EXCLUDE_FILE(*crtend?.o *crtend.o) .dtors)
 *(SORT_BY_NAME(.dtors.*))
 *(.dtors)

.jcr
 *(.jcr)

.data.rel.ro
 *(.data.rel.ro.local* .gnu.linkonce.d.rel.ro.local.*)
 *(.data.rel.ro .data.rel.ro.* .gnu.linkonce.d.rel.ro.*)

.dynamic
 *(.dynamic)

.got            0x00000000c0014000        0x0
 *(.got)
 .got           0x00000000c0014000        0x0 main.o
 *(.igot)
                0x00000000c0014ff4                . = DATA_SEGMENT_RELRO_END (., (SIZEOF (.got.plt) >= 0xc)?0xc:0x0)

.got.plt        0x00000000c0014000        0xc
 *(.got.plt)
 .got.plt       0x00000000c0014000        0xc main.o
                0x00000000c0014000                _GLOBAL_OFFSET_TABLE_
 *(.igot.plt)
 .igot.plt      0x00000000c001400c        0x0 main.o

.data           0x00000000c0014020      0x15c
 *(.data .data.* .gnu.linkonce.d.*)
 .data          0x00000000c0014020        0x0 main.o
 .data          0x00000000c0014020        0x0 init.o
 .data          0x00000000c0014020        0x0 interrupt.o
 .data          0x00000000c0014020        0x0 timer.o
 .data          0x00000000c0014020       0xc0 kernel.o
                0x00000000c0014020                intr_entry_table
 .data          0x00000000c00140e0        0x8 print.o
 .data          0x00000000c00140e8        0x0 debug.o
 .data          0x00000000c00140e8        0x0 memory.o
 .data          0x00000000c00140e8        0x0 bitmap.o
 .data          0x00000000c00140e8        0x0 string.o
 .data          0x00000000c00140e8        0x0 thread.o
 .data          0x00000000c00140e8        0x0 list.o
 .data          0x00000000c00140e8        0x0 console.o
 .data          0x00000000c00140e8        0x0 sync.o
 *fill*         0x00000000c00140e8       0x18 
 .data          0x00000000c0014100       0x76 keyboard.o
 .data          0x00000000c0014176        0x0 ioqueue.o
 .data          0x00000000c0014176        0x0 tss.o
 .data          0x00000000c0014176        0x0 process.o
 .data          0x00000000c0014176        0x0 syscall.o
 .data          0x00000000c0014176        0x0 syscall-init.o
 .data          0x00000000c0014176        0x0 stdio.o
 .data          0x00000000c0014176        0x0 ide.o
 .data          0x00000000c0014176        0x0 stdio-kernel.o
 .data          0x00000000c0014176        0x0 fs.o
 .data          0x00000000c0014176        0x0 inode.o
 .data          0x00000000c0014176        0x0 file.o
 .data          0x00000000c0014176        0x0 dir.o
 .data          0x00000000c0014176        0x0 fork.o
 *fill*         0x00000000c0014176        0x2 
 .data          0x00000000c0014178        0x4 shell.o
                0x00000000c0014178                argc
 .data          0x00000000c001417c        0x0 assert.o
 .data          0x00000000c001417c        0x0 buildin_cmd.o

.data1
 *(.data1)
                0x00000000c001417c                _edata = .
                [!provide]                        PROVIDE (edata = .)
                0x00000000c001417c                . = .
                0x00000000c001417c                __bss_start = .

.bss            0x00000000c0014180     0x2260
 *(.dynbss)
 *(.bss .bss.* .gnu.linkonce.b.*)
 .bss           0x00000000c0014180        0x0 main.o
 .bss           0x00000000c0014180        0x0 init.o
 .bss           0x00000000c0014180      0x408 interrupt.o
 .bss           0x00000000c0014588        0x0 timer.o
 .bss           0x00000000c0014588        0x0 debug.o
 .bss           0x00000000c0014588        0x0 memory.o
 .bss           0x00000000c0014588        0x0 bitmap.o
 .bss           0x00000000c0014588        0x0 string.o
 .bss           0x00000000c0014588        0x6 thread.o
 .bss           0x00000000c001458e        0x0 list.o
 *fill*         0x00000000c001458e        0x2 
 .bss           0x00000000c0014590       0x1c console.o
 .bss           0x00000000c00145ac        0x0 sync.o
 .bss           0x00000000c00145ac       0x14 keyboard.o
 .bss           0x00000000c00145c0        0x0 ioqueue.o
 .bss           0x00000000c00145c0       0x6c tss.o
 .bss           0x00000000c001462c        0x0 process.o
 .bss           0x00000000c001462c        0x0 syscall.o
 .bss           0x00000000c001462c        0x0 syscall-init.o
 .bss           0x00000000c001462c        0x0 stdio.o
 .bss           0x00000000c001462c        0x6 ide.o
                0x00000000c001462c                ext_lba_base
                0x00000000c0014630                p_no
                0x00000000c0014631                l_no
 .bss           0x00000000c0014632        0x0 stdio-kernel.o
 .bss           0x00000000c0014632        0x0 fs.o
 .bss           0x00000000c0014632        0x0 inode.o
 .bss           0x00000000c0014632        0x0 file.o
 .bss           0x00000000c0014632        0x0 dir.o
 .bss           0x00000000c0014632        0x0 fork.o
 *fill*         0x00000000c0014632        0xe 
 .bss           0x00000000c0014640      0x600 shell.o
                0x00000000c0014640                final_path
                0x00000000c0014840                cwd_cache
 .bss           0x00000000c0014c40        0x0 assert.o
 .bss           0x00000000c0014c40        0x0 buildin_cmd.o
 *(COMMON)
 COMMON         0x00000000c0014c40      0x424 interrupt.o
                0x00000000c0014c40                intr_name
                0x00000000c0014e60                idt_table
 COMMON         0x00000000c0015064        0x4 timer.o
                0x00000000c0015064                ticks
 *fill*         0x00000000c0015068       0x18 
 COMMON         0x00000000c0015080      0x12c memory.o
                0x00000000c0015080                user_pool
                0x00000000c00150c0                k_block_descs
                0x00000000c0015168                kernel_vaddr
                0x00000000c0015180                kernel_pool
 COMMON         0x00000000c00151ac       0x44 thread.o
                0x00000000c00151ac                thread_ready_list
                0x00000000c00151bc                thread_all_list
                0x00000000c00151cc                idle_thread
                0x00000000c00151d0                main_thread
                0x00000000c00151d4                pid_lock
 *fill*         0x00000000c00151f0       0x10 
 COMMON         0x00000000c0015200       0x6c keyboard.o
                0x00000000c0015200                kbd_buf
 *fill*         0x00000000c001526c       0x14 
 COMMON         0x00000000c0015280       0x80 syscall-init.o
                0x00000000c0015280                syscall_table
 COMMON         0x00000000c0015300      0xcf0 ide.o
                0x00000000c0015300                channel_cnt
                0x00000000c0015320                channels
                0x00000000c0015fe0                partition_list
 COMMON         0x00000000c0015ff0        0x4 fs.o
                0x00000000c0015ff0                cur_part
 *fill*         0x00000000c0015ff4        0xc 
 COMMON         0x00000000c0016000      0x180 file.o
                0x00000000c0016000                file_table
 COMMON         0x00000000c0016180      0x208 dir.o
                0x00000000c0016180                root_dir
 *fill*         0x00000000c0016388       0x18 
 COMMON         0x00000000c00163a0       0x40 shell.o
                0x00000000c00163a0                argv
                0x00000000c00163e0                . = ALIGN ((. != 0x0)?0x4:0x1)
                0x00000000c00163e0                . = ALIGN (0x4)
                0x00000000c00163e0                . = SEGMENT_START ("ldata-segment", .)
                0x00000000c00163e0                . = ALIGN (0x4)
                0x00000000c00163e0                _end = .
                [!provide]                        PROVIDE (end = .)
                0x00000000c00163e0                . = DATA_SEGMENT_END (.)

.stab
 *(.stab)

.stabstr
 *(.stabstr)

.stab.excl
 *(.stab.excl)

.stab.exclstr
 *(.stab.exclstr)

.stab.index
 *(.stab.index)

.stab.indexstr
 *(.stab.indexstr)

.comment        0x0000000000000000       0x11
 *(.comment)
 .comment       0x0000000000000000       0x11 main.o
                                         0x12 (size before relaxing)
 .comment       0x0000000000000011       0x12 init.o
 .comment       0x0000000000000011       0x12 interrupt.o
 .comment       0x0000000000000011       0x12 timer.o
 .comment       0x0000000000000011       0x12 debug.o
 .comment       0x0000000000000011       0x12 memory.o
 .comment       0x0000000000000011       0x12 bitmap.o
 .comment       0x0000000000000011       0x12 string.o
 .comment       0x0000000000000011       0x12 thread.o
 .comment       0x0000000000000011       0x12 list.o
 .comment       0x0000000000000011       0x12 console.o
 .comment       0x0000000000000011       0x12 sync.o
 .comment       0x0000000000000011       0x12 keyboard.o
 .comment       0x0000000000000011       0x12 ioqueue.o
 .comment       0x0000000000000011       0x12 tss.o
 .comment       0x0000000000000011       0x12 process.o
 .comment       0x0000000000000011       0x12 syscall.o
 .comment       0x0000000000000011       0x12 syscall-init.o
 .comment       0x0000000000000011       0x12 stdio.o
 .comment       0x0000000000000011       0x12 ide.o
 .comment       0x0000000000000011       0x12 stdio-kernel.o
 .comment       0x0000000000000011       0x12 fs.o
 .comment       0x0000000000000011       0x12 inode.o
 .comment       0x0000000000000011       0x12 file.o
 .comment       0x0000000000000011       0x12 dir.o
 .comment       0x0000000000000011       0x12 fork.o
 .comment       0x0000000000000011       0x12 shell.o
 .comment       0x0000000000000011       0x12 assert.o
 .comment       0x0000000000000011       0x12 buildin_cmd.o

.gnu.build.attributes
 *(.gnu.build.attributes .gnu.build.attributes.*)

.debug
 *(.debug)

.line
 *(.line)

.debug_srcinfo
 *(.debug_srcinfo)

.debug_sfnames
 *(.debug_sfnames)

.debug_aranges
 *(.debug_aranges)

.debug_pubnames
 *(.debug_pubnames)

.debug_info
 *(.debug_info .gnu.linkonce.wi.*)

.debug_abbrev
 *(.debug_abbrev)

.debug_line
 *(.debug_line .debug_line.* .debug_line_end)

.debug_frame
 *(.debug_frame)

.debug_str
 *(.debug_str)

.debug_loc
 *(.debug_loc)

.debug_macinfo
 *(.debug_macinfo)

.debug_weaknames
 *(.debug_weaknames)

.debug_funcnames
 *(.debug_funcnames)

.debug_typenames
 *(.debug_typenames)

.debug_varnames
 *(.debug_varnames)

.debug_pubtypes
 *(.debug_pubtypes)

.debug_ranges
 *(.debug_ranges)

.debug_macro
 *(.debug_macro)

.debug_addr
 *(.debug_addr)

.gnu.attributes
 *(.gnu.attributes)

/DISCARD/
 *(.note.GNU-stack)
 *(.gnu_debuglink)
 *(.gnu.lto_*)
OUTPUT(kernel.bin elf32-i386)
