
Allocating common symbols
Common symbol       size              file

kbd_buf             0x6c              keyboard.o
root_dir            0x208             dir.o
thread_ready_list   0x10              thread.o
thread_all_list     0x10              thread.o
user_pool           0x2c              memory.o
channel_cnt         0x1               ide.o
cur_part            0x4               fs.o
k_block_descs       0xa8              memory.o
idle_thread         0x4               thread.o
intr_name           0x204             interrupt.o
main_thread         0x4               thread.o
channels            0xcc0             ide.o
ticks               0x4               timer.o
kernel_vaddr        0xc               memory.o
syscall_table       0x80              syscall-init.o
idt_table           0x204             interrupt.o
file_table          0x180             file.o
partition_list      0x10              ide.o
kernel_pool         0x2c              memory.o
pid_lock            0x1c              thread.o

Discarded input sections

 .group         0x0000000000000000        0x8 main.o
 .note.GNU-stack
                0x0000000000000000        0x0 main.o
 .group         0x0000000000000000        0x8 init.o
 .text.__x86.get_pc_thunk.bx
                0x0000000000000000        0x4 init.o
 .note.GNU-stack
                0x0000000000000000        0x0 init.o
 .group         0x0000000000000000        0x8 interrupt.o
 .group         0x0000000000000000        0x8 interrupt.o
 .text.__x86.get_pc_thunk.bx
                0x0000000000000000        0x4 interrupt.o
 .note.GNU-stack
                0x0000000000000000        0x0 interrupt.o
 .group         0x0000000000000000        0x8 timer.o
 .group         0x0000000000000000        0x8 timer.o
 .group         0x0000000000000000        0x8 timer.o
 .text.__x86.get_pc_thunk.ax
                0x0000000000000000        0x4 timer.o
 .text.__x86.get_pc_thunk.bx
                0x0000000000000000        0x4 timer.o
 .note.GNU-stack
                0x0000000000000000        0x0 timer.o
 .group         0x0000000000000000        0x8 debug.o
 .text.__x86.get_pc_thunk.bx
                0x0000000000000000        0x4 debug.o
 .note.GNU-stack
                0x0000000000000000        0x0 debug.o
 .group         0x0000000000000000        0x8 memory.o
 .group         0x0000000000000000        0x8 memory.o
 .text.__x86.get_pc_thunk.ax
                0x0000000000000000        0x4 memory.o
 .text.__x86.get_pc_thunk.bx
                0x0000000000000000        0x4 memory.o
 .note.GNU-stack
                0x0000000000000000        0x0 memory.o
 .group         0x0000000000000000        0x8 bitmap.o
 .text.__x86.get_pc_thunk.ax
                0x0000000000000000        0x4 bitmap.o
 .note.GNU-stack
                0x0000000000000000        0x0 bitmap.o
 .group         0x0000000000000000        0x8 string.o
 .text.__x86.get_pc_thunk.ax
                0x0000000000000000        0x4 string.o
 .note.GNU-stack
                0x0000000000000000        0x0 string.o
 .group         0x0000000000000000        0x8 thread.o
 .group         0x0000000000000000        0x8 thread.o
 .group         0x0000000000000000        0x8 thread.o
 .text.__x86.get_pc_thunk.ax
                0x0000000000000000        0x4 thread.o
 .text.__x86.get_pc_thunk.bx
                0x0000000000000000        0x4 thread.o
 .note.GNU-stack
                0x0000000000000000        0x0 thread.o
 .group         0x0000000000000000        0x8 list.o
 .group         0x0000000000000000        0x8 list.o
 .text.__x86.get_pc_thunk.ax
                0x0000000000000000        0x4 list.o
 .text.__x86.get_pc_thunk.bx
                0x0000000000000000        0x4 list.o
 .note.GNU-stack
                0x0000000000000000        0x0 list.o
 .group         0x0000000000000000        0x8 console.o
 .group         0x0000000000000000        0x8 console.o
 .text.__x86.get_pc_thunk.ax
                0x0000000000000000        0x4 console.o
 .text.__x86.get_pc_thunk.bx
                0x0000000000000000        0x4 console.o
 .note.GNU-stack
                0x0000000000000000        0x0 console.o
 .group         0x0000000000000000        0x8 sync.o
 .group         0x0000000000000000        0x8 sync.o
 .text.__x86.get_pc_thunk.ax
                0x0000000000000000        0x4 sync.o
 .text.__x86.get_pc_thunk.bx
                0x0000000000000000        0x4 sync.o
 .note.GNU-stack
                0x0000000000000000        0x0 sync.o
 .group         0x0000000000000000        0x8 keyboard.o
 .group         0x0000000000000000        0x8 keyboard.o
 .text.__x86.get_pc_thunk.ax
                0x0000000000000000        0x4 keyboard.o
 .text.__x86.get_pc_thunk.bx
                0x0000000000000000        0x4 keyboard.o
 .note.GNU-stack
                0x0000000000000000        0x0 keyboard.o
 .group         0x0000000000000000        0x8 ioqueue.o
 .group         0x0000000000000000        0x8 ioqueue.o
 .text.__x86.get_pc_thunk.ax
                0x0000000000000000        0x4 ioqueue.o
 .text.__x86.get_pc_thunk.bx
                0x0000000000000000        0x4 ioqueue.o
 .note.GNU-stack
                0x0000000000000000        0x0 ioqueue.o
 .group         0x0000000000000000        0x8 tss.o
 .group         0x0000000000000000        0x8 tss.o
 .text.__x86.get_pc_thunk.ax
                0x0000000000000000        0x4 tss.o
 .text.__x86.get_pc_thunk.bx
                0x0000000000000000        0x4 tss.o
 .note.GNU-stack
                0x0000000000000000        0x0 tss.o
 .group         0x0000000000000000        0x8 process.o
 .group         0x0000000000000000        0x8 process.o
 .text.__x86.get_pc_thunk.ax
                0x0000000000000000        0x4 process.o
 .text.__x86.get_pc_thunk.bx
                0x0000000000000000        0x4 process.o
 .note.GNU-stack
                0x0000000000000000        0x0 process.o
 .group         0x0000000000000000        0x8 syscall.o
 .text.__x86.get_pc_thunk.ax
                0x0000000000000000        0x4 syscall.o
 .note.GNU-stack
                0x0000000000000000        0x0 syscall.o
 .group         0x0000000000000000        0x8 syscall-init.o
 .group         0x0000000000000000        0x8 syscall-init.o
 .text.__x86.get_pc_thunk.ax
                0x0000000000000000        0x4 syscall-init.o
 .text.__x86.get_pc_thunk.bx
                0x0000000000000000        0x4 syscall-init.o
 .note.GNU-stack
                0x0000000000000000        0x0 syscall-init.o
 .group         0x0000000000000000        0x8 stdio.o
 .group         0x0000000000000000        0x8 stdio.o
 .text.__x86.get_pc_thunk.ax
                0x0000000000000000        0x4 stdio.o
 .text.__x86.get_pc_thunk.bx
                0x0000000000000000        0x4 stdio.o
 .note.GNU-stack
                0x0000000000000000        0x0 stdio.o
 .group         0x0000000000000000        0x8 ide.o
 .group         0x0000000000000000        0x8 ide.o
 .text.__x86.get_pc_thunk.ax
                0x0000000000000000        0x4 ide.o
 .text.__x86.get_pc_thunk.bx
                0x0000000000000000        0x4 ide.o
 .note.GNU-stack
                0x0000000000000000        0x0 ide.o
 .group         0x0000000000000000        0x8 stdio-kernel.o
 .text.__x86.get_pc_thunk.bx
                0x0000000000000000        0x4 stdio-kernel.o
 .note.GNU-stack
                0x0000000000000000        0x0 stdio-kernel.o
 .group         0x0000000000000000        0x8 fs.o
 .group         0x0000000000000000        0x8 fs.o
 .text.__x86.get_pc_thunk.ax
                0x0000000000000000        0x4 fs.o
 .text.__x86.get_pc_thunk.bx
                0x0000000000000000        0x4 fs.o
 .note.GNU-stack
                0x0000000000000000        0x0 fs.o
 .group         0x0000000000000000        0x8 inode.o
 .group         0x0000000000000000        0x8 inode.o
 .text.__x86.get_pc_thunk.ax
                0x0000000000000000        0x4 inode.o
 .text.__x86.get_pc_thunk.bx
                0x0000000000000000        0x4 inode.o
 .note.GNU-stack
                0x0000000000000000        0x0 inode.o
 .group         0x0000000000000000        0x8 file.o
 .group         0x0000000000000000        0x8 file.o
 .group         0x0000000000000000        0x8 file.o
 .text.__x86.get_pc_thunk.ax
                0x0000000000000000        0x4 file.o
 .text.__x86.get_pc_thunk.dx
                0x0000000000000000        0x4 file.o
 .text.__x86.get_pc_thunk.bx
                0x0000000000000000        0x4 file.o
 .note.GNU-stack
                0x0000000000000000        0x0 file.o
 .group         0x0000000000000000        0x8 dir.o
 .text.__x86.get_pc_thunk.bx
                0x0000000000000000        0x4 dir.o
 .note.GNU-stack
                0x0000000000000000        0x0 dir.o

Memory Configuration

Name             Origin             Length             Attributes
*default*        0x0000000000000000 0xffffffffffffffff

Linker script and memory map

Address of section .text set to 0xc0001500
LOAD main.o
LOAD init.o
LOAD interrupt.o
LOAD timer.o
LOAD kernel.o
LOAD print.o
LOAD debug.o
LOAD memory.o
LOAD bitmap.o
LOAD string.o
LOAD thread.o
LOAD list.o
LOAD switch.o
LOAD console.o
LOAD sync.o
LOAD keyboard.o
LOAD ioqueue.o
LOAD tss.o
LOAD process.o
LOAD syscall.o
LOAD syscall-init.o
LOAD stdio.o
LOAD ide.o
LOAD stdio-kernel.o
LOAD fs.o
LOAD inode.o
LOAD file.o
LOAD dir.o
                [!provide]                        PROVIDE (__executable_start = SEGMENT_START ("text-segment", 0x8048000))
                0x00000000080480d4                . = (SEGMENT_START ("text-segment", 0x8048000) + SIZEOF_HEADERS)

.interp
 *(.interp)

.note.gnu.build-id
 *(.note.gnu.build-id)

.hash
 *(.hash)

.gnu.hash
 *(.gnu.hash)

.dynsym
 *(.dynsym)

.dynstr
 *(.dynstr)

.gnu.version
 *(.gnu.version)

.gnu.version_d
 *(.gnu.version_d)

.gnu.version_r
 *(.gnu.version_r)

.rel.dyn        0x00000000080480d4        0x0
 *(.rel.init)
 *(.rel.text .rel.text.* .rel.gnu.linkonce.t.*)
 .rel.text      0x00000000080480d4        0x0 main.o
 *(.rel.fini)
 *(.rel.rodata .rel.rodata.* .rel.gnu.linkonce.r.*)
 *(.rel.data.rel.ro .rel.data.rel.ro.* .rel.gnu.linkonce.d.rel.ro.*)
 *(.rel.data .rel.data.* .rel.gnu.linkonce.d.*)
 *(.rel.tdata .rel.tdata.* .rel.gnu.linkonce.td.*)
 *(.rel.tbss .rel.tbss.* .rel.gnu.linkonce.tb.*)
 *(.rel.ctors)
 *(.rel.dtors)
 *(.rel.got)
 .rel.got       0x00000000080480d4        0x0 main.o
 *(.rel.bss .rel.bss.* .rel.gnu.linkonce.b.*)
 *(.rel.ifunc)

.rel.plt        0x00000000080480d4        0x0
 *(.rel.plt)
                [!provide]                        PROVIDE (__rel_iplt_start = .)
 *(.rel.iplt)
 .rel.iplt      0x00000000080480d4        0x0 main.o
                [!provide]                        PROVIDE (__rel_iplt_end = .)
                0x0000000008049000                . = ALIGN (CONSTANT (MAXPAGESIZE))

.init
 *(SORT_NONE(.init))

.plt            0x0000000008049000        0x0
 *(.plt)
 *(.iplt)
 .iplt          0x0000000008049000        0x0 main.o

.plt.got
 *(.plt.got)

.plt.sec
 *(.plt.sec)

.text           0x00000000c0001500     0x9f01
 *(.text.unlikely .text.*_unlikely .text.unlikely.*)
 *(.text.exit .text.exit.*)
 *(.text.startup .text.startup.*)
 *(.text.hot .text.hot.*)
 *(.text .stub .text.* .gnu.linkonce.t.*)
 .text          0x00000000c0001500      0x549 main.o
                0x00000000c0001500                main
                0x00000000c0001717                k_thread_a
                0x00000000c0001809                k_thread_b
                0x00000000c00018fb                u_prog_a
                0x00000000c00019a2                u_prog_b
 .text.__x86.get_pc_thunk.bx
                0x00000000c0001a49        0x4 main.o
                0x00000000c0001a49                __x86.get_pc_thunk.bx
 .text          0x00000000c0001a4d       0x61 init.o
                0x00000000c0001a4d                init_all
 .text          0x00000000c0001aae      0x571 interrupt.o
                0x00000000c0001ed5                intr_enable
                0x00000000c0001f08                intr_disable
                0x00000000c0001f3b                intr_set_status
                0x00000000c0001f63                intr_get_status
                0x00000000c0001f8a                register_handler
                0x00000000c0001fb3                idt_init
 .text.__x86.get_pc_thunk.ax
                0x00000000c000201f        0x4 interrupt.o
                0x00000000c000201f                __x86.get_pc_thunk.ax
 .text          0x00000000c0002023      0x25b timer.o
                0x00000000c00021b4                mtime_sleep
                0x00000000c0002216                timer_init
 .text.__x86.get_pc_thunk.cx
                0x00000000c000227e        0x4 timer.o
                0x00000000c000227e                __x86.get_pc_thunk.cx
 *fill*         0x00000000c0002282        0xe 
 .text          0x00000000c0002290      0x55b kernel.o
                0x00000000c0002290                intr_exit
                0x00000000c00027c7                syscall_handler
 *fill*         0x00000000c00027eb        0x5 
 .text          0x00000000c00027f0      0x172 print.o
                0x00000000c00027f0                put_str
                0x00000000c000280e                put_char
                0x00000000c00028db                put_int
                0x00000000c000293e                set_cursor
 .text          0x00000000c0002962       0xf4 debug.o
                0x00000000c0002962                panic_spin
 .text          0x00000000c0002a56     0x1348 memory.o
                0x00000000c0002b89                pte_ptr
                0x00000000c0002bc3                pde_ptr
                0x00000000c0002d7a                malloc_page
                0x00000000c0002e53                get_kernel_pages
                0x00000000c0002ec7                get_user_pages
                0x00000000c0002f3b                get_a_page
                0x00000000c00030d7                addr_v2p
                0x00000000c0003148                sys_malloc
                0x00000000c00034a0                pfree
                0x00000000c0003616                mfree_page
                0x00000000c0003815                sys_free
                0x00000000c0003c94                block_desc_init
                0x00000000c0003d38                mem_init
 .text          0x00000000c0003d9e      0x28d bitmap.o
                0x00000000c0003d9e                bitmap_init
                0x00000000c0003dd1                bitmap_scan_test
                0x00000000c0003e1b                bitmap_scan
                0x00000000c0003f63                bitmap_set
 .text          0x00000000c000402b      0x4aa string.o
                0x00000000c000402b                memset
                0x00000000c0004094                memcpy
                0x00000000c000410b                memcmp
                0x00000000c00041a4                strcpy
                0x00000000c000420f                strlen
                0x00000000c000426c                strcmp
                0x00000000c00042fb                strchr
                0x00000000c0004369                strrchr
                0x00000000c00043dd                strcat
                0x00000000c000445d                strchrs
 .text          0x00000000c00044d5      0x82c thread.o
                0x00000000c00044f6                running_thread
                0x00000000c0004594                thread_create
                0x00000000c0004618                init_thread
                0x00000000c0004715                thread_start
                0x00000000c00048b5                schedule
                0x00000000c0004a32                thread_block
                0x00000000c0004aaa                thread_unblock
                0x00000000c0004bcb                thread_yield
                0x00000000c0004c68                thread_init
 .text.__x86.get_pc_thunk.dx
                0x00000000c0004d01        0x4 thread.o
                0x00000000c0004d01                __x86.get_pc_thunk.dx
 .text          0x00000000c0004d05      0x25f list.o
                0x00000000c0004d05                list_init
                0x00000000c0004d3d                list_insert_before
                0x00000000c0004d91                list_push
                0x00000000c0004db9                list_append
                0x00000000c0004de1                list_remove
                0x00000000c0004e2a                list_pop
                0x00000000c0004e56                elem_find
                0x00000000c0004e9b                list_traversal
                0x00000000c0004f02                list_len
                0x00000000c0004f41                list_empty
 *fill*         0x00000000c0004f64        0xc 
 .text          0x00000000c0004f70       0x15 switch.o
                0x00000000c0004f70                switch_to
 .text          0x00000000c0004f85      0x119 console.o
                0x00000000c0004f85                console_init
                0x00000000c0004fb0                console_acquire
                0x00000000c0004fdb                console_release
                0x00000000c0005006                console_put_str
                0x00000000c0005036                console_put_char
                0x00000000c000506e                console_put_int
 .text          0x00000000c000509e      0x38f sync.o
                0x00000000c000509e                sema_init
                0x00000000c00050d8                lock_init
                0x00000000c0005112                sema_down
                0x00000000c000522e                sema_up
                0x00000000c00052f8                lock_acquire
                0x00000000c000537e                lock_release
 .text          0x00000000c000542d      0x33e keyboard.o
                0x00000000c0005709                keyboard_init
 .text          0x00000000c000576b      0x37e ioqueue.o
                0x00000000c000576b                ioqueue_init
                0x00000000c00057e5                ioq_full
                0x00000000c000594e                ioq_getchar
                0x00000000c0005a1a                ioq_putchar
 .text          0x00000000c0005ae9      0x1b2 tss.o
                0x00000000c0005ae9                update_tss_esp
                0x00000000c0005b7a                tss_init
 .text          0x00000000c0005c9b      0x3dc process.o
                0x00000000c0005c9b                start_process
                0x00000000c0005daf                page_dir_activate
                0x00000000c0005df4                process_activate
                0x00000000c0005e57                create_page_dir
                0x00000000c0005ee0                create_user_vaddr_bitmap
                0x00000000c0005f39                process_execute
 .text          0x00000000c0006077       0x9c syscall.o
                0x00000000c0006077                getpid
                0x00000000c0006096                write
                0x00000000c00060c3                malloc
                0x00000000c00060ec                free
 .text          0x00000000c0006113       0x9a syscall-init.o
                0x00000000c0006113                sys_getpid
                0x00000000c0006136                syscall_init
 .text          0x00000000c00061ad      0x2e1 stdio.o
                0x00000000c000623e                vsprintf
                0x00000000c00063cc                sprintf
                0x00000000c0006406                printf
 .text          0x00000000c000648e      0xee7 ide.o
                0x00000000c0006814                ide_read
                0x00000000c00069a9                ide_write
                0x00000000c0007060                intr_hd_handler
                0x00000000c0007138                ide_init
 .text          0x00000000c0007375       0x74 stdio-kernel.o
                0x00000000c0007375                printk
 .text          0x00000000c00073e9     0x1934 fs.o
                0x00000000c0007b1f                path_depth_cnt
                0x00000000c0007e6c                sys_open
                0x00000000c000814e                sys_close
                0x00000000c00081bd                sys_write
                0x00000000c00082c5                sys_read
                0x00000000c000835b                sys_lseek
                0x00000000c0008464                sys_unlink
                0x00000000c00086c2                sys_mkdir
                0x00000000c0008af4                filesys_init
 .text          0x00000000c0008d1d      0x7bc inode.o
                0x00000000c0008dcd                inode_sync
                0x00000000c0008f09                inode_open
                0x00000000c000905e                inode_close
                0x00000000c00090e9                inode_delete
                0x00000000c0009216                inode_release
                0x00000000c0009478                inode_init
 .text          0x00000000c00094d9     0x12d9 file.o
                0x00000000c00094d9                get_free_slot_in_global
                0x00000000c0009547                pcb_fd_install
                0x00000000c00095c5                inode_bitmap_alloc
                0x00000000c000961b                block_bitmap_alloc
                0x00000000c000967c                bitmap_sync
                0x00000000c0009715                file_create
                0x00000000c0009a20                file_open
                0x00000000c0009b5d                file_close
                0x00000000c0009bb0                file_write
                0x00000000c000a3d2                file_read
 .text          0x00000000c000a7b2      0xc4f dir.o
                0x00000000c000a7b2                open_root_dir
                0x00000000c000a7f7                dir_open
                0x00000000c000a844                search_dir_entry
                0x00000000c000aa2d                dir_close
                0x00000000c000aa71                create_dir_entry
                0x00000000c000aaf5                sync_dir_entry
                0x00000000c000af61                delete_dir_entry
 *(.gnu.warning)

.fini
 *(SORT_NONE(.fini))
                [!provide]                        PROVIDE (__etext = .)
                [!provide]                        PROVIDE (_etext = .)
                [!provide]                        PROVIDE (etext = .)
                0x00000000c000c000                . = ALIGN (CONSTANT (MAXPAGESIZE))
                0x00000000c000c000                . = SEGMENT_START ("rodata-segment", (ALIGN (CONSTANT (MAXPAGESIZE)) + (. & (CONSTANT (MAXPAGESIZE) - 0x1))))

.rodata         0x00000000c000c000     0x1f89
 *(.rodata .rodata.* .gnu.linkonce.r.*)
 .rodata        0x00000000c000c000      0x1b4 main.o
 .rodata        0x00000000c000c1b4        0xa init.o
 *fill*         0x00000000c000c1be        0x2 
 .rodata        0x00000000c000c1c0      0x2cd interrupt.o
 *fill*         0x00000000c000c48d        0x3 
 .rodata        0x00000000c000c490       0x88 timer.o
 .rodata        0x00000000c000c518       0x3f debug.o
 *fill*         0x00000000c000c557        0x1 
 .rodata        0x00000000c000c558      0x3bd memory.o
 *fill*         0x00000000c000c915        0x3 
 .rodata        0x00000000c000c918       0x6b bitmap.o
 *fill*         0x00000000c000c983        0x1 
 .rodata        0x00000000c000c984       0xc4 string.o
 .rodata        0x00000000c000ca48      0x2dd thread.o
 *fill*         0x00000000c000cd25        0x3 
 .rodata        0x00000000c000cd28      0x135 sync.o
 .rodata        0x00000000c000ce5d       0x36 keyboard.o
 *fill*         0x00000000c000ce93        0x1 
 .rodata        0x00000000c000ce94       0xa8 ioqueue.o
 .rodata        0x00000000c000cf3c       0x27 tss.o
 *fill*         0x00000000c000cf63        0x1 
 .rodata        0x00000000c000cf64       0xe0 process.o
 .rodata        0x00000000c000d044       0x27 syscall-init.o
 *fill*         0x00000000c000d06b        0x1 
 .rodata        0x00000000c000d06c      0x1f9 ide.o
 *fill*         0x00000000c000d265        0x3 
 .rodata        0x00000000c000d268      0x6bd fs.o
 *fill*         0x00000000c000d925        0x3 
 .rodata        0x00000000c000d928       0xc2 inode.o
 *fill*         0x00000000c000d9ea        0x2 
 .rodata        0x00000000c000d9ec      0x41e file.o
 *fill*         0x00000000c000de0a        0x2 
 .rodata        0x00000000c000de0c      0x17d dir.o

.rodata1
 *(.rodata1)

.eh_frame_hdr
 *(.eh_frame_hdr)
 *(.eh_frame_entry .eh_frame_entry.*)

.eh_frame       0x00000000c000df8c     0x19b0
 *(.eh_frame)
 .eh_frame      0x00000000c000df8c       0xc4 main.o
 .eh_frame      0x00000000c000e050       0x24 init.o
                                         0x50 (size before relaxing)
 .eh_frame      0x00000000c000e074      0x1ac interrupt.o
                                        0x1d8 (size before relaxing)
 .eh_frame      0x00000000c000e220       0xf0 timer.o
                                        0x130 (size before relaxing)
 .eh_frame      0x00000000c000e310       0x1c debug.o
                                         0x48 (size before relaxing)
 .eh_frame      0x00000000c000e32c      0x2dc memory.o
                                        0x31c (size before relaxing)
 .eh_frame      0x00000000c000e608       0x90 bitmap.o
                                         0xbc (size before relaxing)
 .eh_frame      0x00000000c000e698      0x168 string.o
                                        0x194 (size before relaxing)
 .eh_frame      0x00000000c000e800      0x1d8 thread.o
                                        0x218 (size before relaxing)
 .eh_frame      0x00000000c000e9d8      0x148 list.o
                                        0x188 (size before relaxing)
 .eh_frame      0x00000000c000eb20       0xd8 console.o
                                        0x118 (size before relaxing)
 .eh_frame      0x00000000c000ebf8       0xdc sync.o
                                        0x11c (size before relaxing)
 .eh_frame      0x00000000c000ecd4       0x68 keyboard.o
                                         0xa8 (size before relaxing)
 .eh_frame      0x00000000c000ed3c      0x11c ioqueue.o
                                        0x15c (size before relaxing)
 .eh_frame      0x00000000c000ee58       0x6c tss.o
                                         0xac (size before relaxing)
 .eh_frame      0x00000000c000eec4       0xd8 process.o
                                        0x118 (size before relaxing)
 .eh_frame      0x00000000c000ef9c       0x8c syscall.o
                                         0xb8 (size before relaxing)
 .eh_frame      0x00000000c000f028       0x48 syscall-init.o
                                         0x88 (size before relaxing)
 .eh_frame      0x00000000c000f070       0x90 stdio.o
                                         0xd0 (size before relaxing)
 .eh_frame      0x00000000c000f100      0x27c ide.o
                                        0x2bc (size before relaxing)
 .eh_frame      0x00000000c000f37c       0x28 stdio-kernel.o
                                         0x54 (size before relaxing)
 .eh_frame      0x00000000c000f3a4      0x214 fs.o
                                        0x254 (size before relaxing)
 .eh_frame      0x00000000c000f5b8      0x100 inode.o
                                        0x140 (size before relaxing)
 .eh_frame      0x00000000c000f6b8      0x178 file.o
                                        0x1cc (size before relaxing)
 .eh_frame      0x00000000c000f830      0x10c dir.o
                                        0x138 (size before relaxing)
 *(.eh_frame.*)

.gcc_except_table
 *(.gcc_except_table .gcc_except_table.*)

.gnu_extab
 *(.gnu_extab*)

.exception_ranges
 *(.exception_ranges*)
                0x00000000c0011000                . = DATA_SEGMENT_ALIGN (CONSTANT (MAXPAGESIZE), CONSTANT (COMMONPAGESIZE))

.eh_frame
 *(.eh_frame)
 *(.eh_frame.*)

.gnu_extab
 *(.gnu_extab)

.gcc_except_table
 *(.gcc_except_table .gcc_except_table.*)

.exception_ranges
 *(.exception_ranges*)

.tdata          0x00000000c0011000        0x0
                [!provide]                        PROVIDE (__tdata_start = .)
 *(.tdata .tdata.* .gnu.linkonce.td.*)

.tbss
 *(.tbss .tbss.* .gnu.linkonce.tb.*)
 *(.tcommon)

.preinit_array  0x00000000c0011000        0x0
                [!provide]                        PROVIDE (__preinit_array_start = .)
 *(.preinit_array)
                [!provide]                        PROVIDE (__preinit_array_end = .)

.init_array     0x00000000c0011000        0x0
                [!provide]                        PROVIDE (__init_array_start = .)
 *(SORT_BY_INIT_PRIORITY(.init_array.*) SORT_BY_INIT_PRIORITY(.ctors.*))
 *(.init_array EXCLUDE_FILE(*crtend?.o *crtend.o *crtbegin?.o *crtbegin.o) .ctors)
                [!provide]                        PROVIDE (__init_array_end = .)

.fini_array     0x00000000c0011000        0x0
                [!provide]                        PROVIDE (__fini_array_start = .)
 *(SORT_BY_INIT_PRIORITY(.fini_array.*) SORT_BY_INIT_PRIORITY(.dtors.*))
 *(.fini_array EXCLUDE_FILE(*crtend?.o *crtend.o *crtbegin?.o *crtbegin.o) .dtors)
                [!provide]                        PROVIDE (__fini_array_end = .)

.ctors
 *crtbegin.o(.ctors)
 *crtbegin?.o(.ctors)
 *(EXCLUDE_FILE(*crtend?.o *crtend.o) .ctors)
 *(SORT_BY_NAME(.ctors.*))
 *(.ctors)

.dtors
 *crtbegin.o(.dtors)
 *crtbegin?.o(.dtors)
 *(EXCLUDE_FILE(*crtend?.o *crtend.o) .dtors)
 *(SORT_BY_NAME(.dtors.*))
 *(.dtors)

.jcr
 *(.jcr)

.data.rel.ro
 *(.data.rel.ro.local* .gnu.linkonce.d.rel.ro.local.*)
 *(.data.rel.ro .data.rel.ro.* .gnu.linkonce.d.rel.ro.*)

.dynamic
 *(.dynamic)

.got            0x00000000c0011000        0x0
 *(.got)
 .got           0x00000000c0011000        0x0 main.o
 *(.igot)
                0x00000000c0011ff4                . = DATA_SEGMENT_RELRO_END (., (SIZEOF (.got.plt) >= 0xc)?0xc:0x0)

.got.plt        0x00000000c0011000        0xc
 *(.got.plt)
 .got.plt       0x00000000c0011000        0xc main.o
                0x00000000c0011000                _GLOBAL_OFFSET_TABLE_
 *(.igot.plt)
 .igot.plt      0x00000000c001100c        0x0 main.o

.data           0x00000000c0011020      0x156
 *(.data .data.* .gnu.linkonce.d.*)
 .data          0x00000000c0011020        0x0 main.o
 .data          0x00000000c0011020        0x0 init.o
 .data          0x00000000c0011020        0x0 interrupt.o
 .data          0x00000000c0011020        0x0 timer.o
 .data          0x00000000c0011020       0xc0 kernel.o
                0x00000000c0011020                intr_entry_table
 .data          0x00000000c00110e0        0x8 print.o
 .data          0x00000000c00110e8        0x0 debug.o
 .data          0x00000000c00110e8        0x0 memory.o
 .data          0x00000000c00110e8        0x0 bitmap.o
 .data          0x00000000c00110e8        0x0 string.o
 .data          0x00000000c00110e8        0x0 thread.o
 .data          0x00000000c00110e8        0x0 list.o
 .data          0x00000000c00110e8        0x0 console.o
 .data          0x00000000c00110e8        0x0 sync.o
 *fill*         0x00000000c00110e8       0x18 
 .data          0x00000000c0011100       0x76 keyboard.o
 .data          0x00000000c0011176        0x0 ioqueue.o
 .data          0x00000000c0011176        0x0 tss.o
 .data          0x00000000c0011176        0x0 process.o
 .data          0x00000000c0011176        0x0 syscall.o
 .data          0x00000000c0011176        0x0 syscall-init.o
 .data          0x00000000c0011176        0x0 stdio.o
 .data          0x00000000c0011176        0x0 ide.o
 .data          0x00000000c0011176        0x0 stdio-kernel.o
 .data          0x00000000c0011176        0x0 fs.o
 .data          0x00000000c0011176        0x0 inode.o
 .data          0x00000000c0011176        0x0 file.o
 .data          0x00000000c0011176        0x0 dir.o

.data1
 *(.data1)
                0x00000000c0011176                _edata = .
                [!provide]                        PROVIDE (edata = .)
                0x00000000c0011176                . = .
                0x00000000c0011176                __bss_start = .

.bss            0x00000000c0011180     0x1c08
 *(.dynbss)
 *(.bss .bss.* .gnu.linkonce.b.*)
 .bss           0x00000000c0011180        0x0 main.o
 .bss           0x00000000c0011180        0x0 init.o
 .bss           0x00000000c0011180      0x408 interrupt.o
 .bss           0x00000000c0011588        0x0 timer.o
 .bss           0x00000000c0011588        0x0 debug.o
 .bss           0x00000000c0011588        0x0 memory.o
 .bss           0x00000000c0011588        0x0 bitmap.o
 .bss           0x00000000c0011588        0x0 string.o
 .bss           0x00000000c0011588        0x6 thread.o
 .bss           0x00000000c001158e        0x0 list.o
 *fill*         0x00000000c001158e        0x2 
 .bss           0x00000000c0011590       0x1c console.o
 .bss           0x00000000c00115ac        0x0 sync.o
 .bss           0x00000000c00115ac       0x14 keyboard.o
 .bss           0x00000000c00115c0        0x0 ioqueue.o
 .bss           0x00000000c00115c0       0x6c tss.o
 .bss           0x00000000c001162c        0x0 process.o
 .bss           0x00000000c001162c        0x0 syscall.o
 .bss           0x00000000c001162c        0x0 syscall-init.o
 .bss           0x00000000c001162c        0x0 stdio.o
 .bss           0x00000000c001162c        0x6 ide.o
                0x00000000c001162c                ext_lba_base
                0x00000000c0011630                p_no
                0x00000000c0011631                l_no
 .bss           0x00000000c0011632        0x0 stdio-kernel.o
 .bss           0x00000000c0011632        0x0 fs.o
 .bss           0x00000000c0011632        0x0 inode.o
 .bss           0x00000000c0011632        0x0 file.o
 .bss           0x00000000c0011632        0x0 dir.o
 *(COMMON)
 *fill*         0x00000000c0011632        0xe 
 COMMON         0x00000000c0011640      0x424 interrupt.o
                0x00000000c0011640                intr_name
                0x00000000c0011860                idt_table
 COMMON         0x00000000c0011a64        0x4 timer.o
                0x00000000c0011a64                ticks
 *fill*         0x00000000c0011a68       0x18 
 COMMON         0x00000000c0011a80      0x12c memory.o
                0x00000000c0011a80                user_pool
                0x00000000c0011ac0                k_block_descs
                0x00000000c0011b68                kernel_vaddr
                0x00000000c0011b80                kernel_pool
 COMMON         0x00000000c0011bac       0x44 thread.o
                0x00000000c0011bac                thread_ready_list
                0x00000000c0011bbc                thread_all_list
                0x00000000c0011bcc                idle_thread
                0x00000000c0011bd0                main_thread
                0x00000000c0011bd4                pid_lock
 *fill*         0x00000000c0011bf0       0x10 
 COMMON         0x00000000c0011c00       0x6c keyboard.o
                0x00000000c0011c00                kbd_buf
 *fill*         0x00000000c0011c6c       0x14 
 COMMON         0x00000000c0011c80       0x80 syscall-init.o
                0x00000000c0011c80                syscall_table
 COMMON         0x00000000c0011d00      0xcf0 ide.o
                0x00000000c0011d00                channel_cnt
                0x00000000c0011d20                channels
                0x00000000c00129e0                partition_list
 COMMON         0x00000000c00129f0        0x4 fs.o
                0x00000000c00129f0                cur_part
 *fill*         0x00000000c00129f4        0xc 
 COMMON         0x00000000c0012a00      0x180 file.o
                0x00000000c0012a00                file_table
 COMMON         0x00000000c0012b80      0x208 dir.o
                0x00000000c0012b80                root_dir
                0x00000000c0012d88                . = ALIGN ((. != 0x0)?0x4:0x1)
                0x00000000c0012d88                . = ALIGN (0x4)
                0x00000000c0012d88                . = SEGMENT_START ("ldata-segment", .)
                0x00000000c0012d88                . = ALIGN (0x4)
                0x00000000c0012d88                _end = .
                [!provide]                        PROVIDE (end = .)
                0x00000000c0012d88                . = DATA_SEGMENT_END (.)

.stab
 *(.stab)

.stabstr
 *(.stabstr)

.stab.excl
 *(.stab.excl)

.stab.exclstr
 *(.stab.exclstr)

.stab.index
 *(.stab.index)

.stab.indexstr
 *(.stab.indexstr)

.comment        0x0000000000000000       0x11
 *(.comment)
 .comment       0x0000000000000000       0x11 main.o
                                         0x12 (size before relaxing)
 .comment       0x0000000000000011       0x12 init.o
 .comment       0x0000000000000011       0x12 interrupt.o
 .comment       0x0000000000000011       0x12 timer.o
 .comment       0x0000000000000011       0x12 debug.o
 .comment       0x0000000000000011       0x12 memory.o
 .comment       0x0000000000000011       0x12 bitmap.o
 .comment       0x0000000000000011       0x12 string.o
 .comment       0x0000000000000011       0x12 thread.o
 .comment       0x0000000000000011       0x12 list.o
 .comment       0x0000000000000011       0x12 console.o
 .comment       0x0000000000000011       0x12 sync.o
 .comment       0x0000000000000011       0x12 keyboard.o
 .comment       0x0000000000000011       0x12 ioqueue.o
 .comment       0x0000000000000011       0x12 tss.o
 .comment       0x0000000000000011       0x12 process.o
 .comment       0x0000000000000011       0x12 syscall.o
 .comment       0x0000000000000011       0x12 syscall-init.o
 .comment       0x0000000000000011       0x12 stdio.o
 .comment       0x0000000000000011       0x12 ide.o
 .comment       0x0000000000000011       0x12 stdio-kernel.o
 .comment       0x0000000000000011       0x12 fs.o
 .comment       0x0000000000000011       0x12 inode.o
 .comment       0x0000000000000011       0x12 file.o
 .comment       0x0000000000000011       0x12 dir.o

.gnu.build.attributes
 *(.gnu.build.attributes .gnu.build.attributes.*)

.debug
 *(.debug)

.line
 *(.line)

.debug_srcinfo
 *(.debug_srcinfo)

.debug_sfnames
 *(.debug_sfnames)

.debug_aranges
 *(.debug_aranges)

.debug_pubnames
 *(.debug_pubnames)

.debug_info
 *(.debug_info .gnu.linkonce.wi.*)

.debug_abbrev
 *(.debug_abbrev)

.debug_line
 *(.debug_line .debug_line.* .debug_line_end)

.debug_frame
 *(.debug_frame)

.debug_str
 *(.debug_str)

.debug_loc
 *(.debug_loc)

.debug_macinfo
 *(.debug_macinfo)

.debug_weaknames
 *(.debug_weaknames)

.debug_funcnames
 *(.debug_funcnames)

.debug_typenames
 *(.debug_typenames)

.debug_varnames
 *(.debug_varnames)

.debug_pubtypes
 *(.debug_pubtypes)

.debug_ranges
 *(.debug_ranges)

.debug_macro
 *(.debug_macro)

.debug_addr
 *(.debug_addr)

.gnu.attributes
 *(.gnu.attributes)

/DISCARD/
 *(.note.GNU-stack)
 *(.gnu_debuglink)
 *(.gnu.lto_*)
OUTPUT(kernel.bin elf32-i386)
